Starting local Bazel server and connecting to it...
INFO: Invocation ID: 79ad39bb-5390-4e26-8c8a-feb9613e19ec
Loading: 
Loading: 
Loading: 
Loading: 
Loading: 
Loading: 
Loading: 
Loading: 
Loading: 0 packages loaded
Analyzing: target //:docs (1 packages loaded, 0 targets configured)
INFO: Analyzed target //:docs (9 packages loaded, 111 targets configured).
INFO: Found 1 target...
[0 / 4] [Prepa] BazelWorkspaceStatusAction stable-status.txt ... (3 actions, 1 running)
Target //tools/mint:mint up-to-date:
  bazel-bin/tools/mint/mint
INFO: Elapsed time: 14.257s, Critical Path: 0.03s
INFO: 4 processes: 4 internal.
INFO: Build completed successfully, 4 total actions
INFO: Running command line: bazel-bin/tools/mint/mint
⠋ preparing local preview...
[2K[1A[2K[G⠙ preparing local preview...
[2K[1A[2K[G⠹ preparing local preview...
[2K[1A[2K[G⠸ preparing local preview...
[2K[1A[2K[G⠼ preparing local preview...
[2K[1A[2K[G⠴ preparing local preview...
[2K[1A[2K[G⠦ preparing local preview...
[2K[1A[2K[G⠧ preparing local preview...
[2K[1A[2K[G⠇ preparing local preview...
[2K[1A[2K[G⠏ preparing local preview...
[2K[1A[2K[G⠋ preparing local preview...
[2K[1A[2K[G⠙ preparing local preview...
[2K[1A[2K[Gupdate available - run `mintlify update` to get the latest version

✓ preview ready

  local   → http://localhost:3000
  network → http://10.10.4.213:3000

press ctrl+c to exit the preview

[2K[1A[2K[1A[2K[1A[2K[1A[2K[1A[2K[1A[2K[1A[2K[1A[2K[1A[2K[G[ResponseAborted: ]
update available - run `mintlify update` to get the latest version

✓ preview ready

  local   → http://localhost:3000
  network → http://10.10.4.213:3000

press ctrl+c to exit the preview

[2K[1A[2K[1A[2K[1A[2K[1A[2K[1A[2K[1A[2K[1A[2K[1A[2K[1A[2K[G
update available - run `mintlify update` to get the latest version

✓ preview ready

  local   → http://localhost:3000
  network → http://10.10.4.213:3000

press ctrl+c to exit the preview

[2K[1A[2K[1A[2K[1A[2K[1A[2K[1A[2K[1A[2K[1A[2K[1A[2K[1A[2K[Gupdate available - run `mintlify update` to get the latest version

✓ preview ready

  local   → http://localhost:3000
  network → http://10.10.4.213:3000

press ctrl+c to exit the preview

± changes
edited docs/integrations/returns/3pl-wms/shiphero.mdx
[2K[1A[2K[1A[2K[1A[2K[1A[2K[1A[2K[1A[2K[1A[2K[1A[2K[1A[2K[1A[2K[1A[2K[Gupdate available - run `mintlify update` to get the latest version

✓ preview ready

  local   → http://localhost:3000
  network → http://10.10.4.213:3000

press ctrl+c to exit the preview

± changes
edited docs/integrations/returns/3pl-wms/shiphero.mdx
edited docs/integrations/returns/3pl-wms/shiphero.mdx
[2K[1A[2K[1A[2K[1A[2K[1A[2K[1A[2K[1A[2K[1A[2K[1A[2K[1A[2K[1A[2K[1A[2K[1A[2K[Gupdate available - run `mintlify update` to get the latest version

✓ preview ready

  local   → http://localhost:3000
  network → http://10.10.4.213:3000

press ctrl+c to exit the preview

± changes
edited docs/integrations/returns/3pl-wms/shiphero.mdx
edited docs/integrations/returns/3pl-wms/shiphero.mdx
edited docs/integrations/returns/3pl-wms/shiphero.mdx
[2K[1A[2K[1A[2K[1A[2K[1A[2K[1A[2K[1A[2K[1A[2K[1A[2K[1A[2K[1A[2K[1A[2K[1A[2K[1A[2K[Gupdate available - run `mintlify update` to get the latest version

✓ preview ready

  local   → http://localhost:3000
  network → http://10.10.4.213:3000

press ctrl+c to exit the preview

± changes
edited docs/integrations/returns/3pl-wms/shiphero.mdx
edited docs/integrations/returns/3pl-wms/shiphero.mdx
edited docs/integrations/returns/3pl-wms/shiphero.mdx
edited docs/integrations/returns/3pl-wms/shiphero.mdx
[2K[1A[2K[1A[2K[1A[2K[1A[2K[1A[2K[1A[2K[1A[2K[1A[2K[1A[2K[1A[2K[1A[2K[1A[2K[1A[2K[1A[2K[Gupdate available - run `mintlify update` to get the latest version

✓ preview ready

  local   → http://localhost:3000
  network → http://10.10.4.213:3000

press ctrl+c to exit the preview

± changes
edited docs/integrations/returns/3pl-wms/shiphero.mdx
edited docs/integrations/returns/3pl-wms/shiphero.mdx
edited docs/integrations/returns/3pl-wms/shiphero.mdx
edited docs/integrations/returns/3pl-wms/shiphero.mdx
edited docs/integrations/returns/3pl-wms/shiphero.mdx
[2K[1A[2K[1A[2K[1A[2K[1A[2K[1A[2K[1A[2K[1A[2K[1A[2K[1A[2K[1A[2K[1A[2K[1A[2K[1A[2K[1A[2K[1A[2K[Gupdate available - run `mintlify update` to get the latest version

✓ preview ready

  local   → http://localhost:3000
  network → http://10.10.4.213:3000

press ctrl+c to exit the preview

± changes
edited docs/integrations/returns/3pl-wms/shiphero.mdx
edited docs/integrations/returns/3pl-wms/shiphero.mdx
edited docs/integrations/returns/3pl-wms/shiphero.mdx
edited docs/integrations/returns/3pl-wms/shiphero.mdx
edited docs/integrations/returns/3pl-wms/shiphero.mdx
edited docs/integrations/returns/3pl-wms/shiphero.mdx
[2K[1A[2K[1A[2K[1A[2K[1A[2K[1A[2K[1A[2K[1A[2K[1A[2K[1A[2K[1A[2K[1A[2K[1A[2K[1A[2K[1A[2K[1A[2K[1A[2K[Gupdate available - run `mintlify update` to get the latest version

✓ preview ready

  local   → http://localhost:3000
  network → http://10.10.4.213:3000

press ctrl+c to exit the preview

± changes
edited docs/integrations/returns/3pl-wms/shiphero.mdx
edited docs/integrations/returns/3pl-wms/shiphero.mdx
edited docs/integrations/returns/3pl-wms/shiphero.mdx
edited docs/integrations/returns/3pl-wms/shiphero.mdx
edited docs/integrations/returns/3pl-wms/shiphero.mdx
edited docs/integrations/returns/3pl-wms/shiphero.mdx
edited docs/integrations/returns/3pl-wms/shiphero.mdx
[2K[1A[2K[1A[2K[1A[2K[1A[2K[1A[2K[1A[2K[1A[2K[1A[2K[1A[2K[1A[2K[1A[2K[1A[2K[1A[2K[1A[2K[1A[2K[1A[2K[1A[2K[Gupdate available - run `mintlify update` to get the latest version

✓ preview ready

  local   → http://localhost:3000
  network → http://10.10.4.213:3000

press ctrl+c to exit the preview

± changes
edited docs/integrations/returns/3pl-wms/shiphero.mdx
edited docs/integrations/returns/3pl-wms/shiphero.mdx
edited docs/integrations/returns/3pl-wms/shiphero.mdx
edited docs/integrations/returns/3pl-wms/shiphero.mdx
edited docs/integrations/returns/3pl-wms/shiphero.mdx
edited docs/integrations/returns/3pl-wms/shiphero.mdx
edited docs/integrations/returns/3pl-wms/shiphero.mdx
edited docs/integrations/returns/3pl-wms/shiphero.mdx
